// Jest Snapshot v1, https://goo.gl/fbAQLP

exports[`TESTING HOME BUTTOM  *** Check url and Value in buttom home *** 1`] = `
<div
  class="sc-bdfBwQ sc-fubCfw kUdDos fwLbUW"
>
  <a
    class="sc-gKsewC fMfLPa"
    href="/"
  >
    Go Home
  </a>
</div>
`;
